// Jest Snapshot v1, https://goo.gl/fbAQLP

exports[`With Snapshot Testing Table snapshot" 1`] = `ReactWrapper {}`;
